// Jest Snapshot v1, https://goo.gl/fbAQLP

exports[`should render ExpenseList with empty message 1`] = `
<div>
  <p>
    No Expenses!
  </p>
</div>
`;

exports[`should render ExpenseList with expenses 1`] = `
<div>
  <ExpenseListItem
    amount={1.95}
    createdAt={0}
    description="Rent"
    id="1"
    key="1"
    note=""
  />
  <ExpenseListItem
    amount={212.87}
    createdAt={-345600000}
    description="Car"
    id="2"
    key="1"
    note=""
  />
  <ExpenseListItem
    amount={1}
    createdAt={345600000}
    description="Groceries"
    id="3"
    key="1"
    note=""
  />
</div>
`;
