// Jest Snapshot v1, https://goo.gl/fbAQLP

exports[`should render ExpenseListItem correctly 1`] = `
<div>
  <Link
    replace={false}
    to="/edit/1"
  >
    <h3>
      Rent
    </h3>
  </Link>
  <span>
    0
     &gt;&gt;&gt;&gt;&gt; 
    1.95
  </span>
</div>
`;
